
> fju-championship@1.0.0 web
> expo start --web --port 8082

Starting project at C:\Users\Home\Desktop\WORKS\FJU-championship
Starting Metro Bundler

Waiting on http://localhost:8082
An update for expo is available: 56.0.8 → ~56.0.9
4 other packages may need updating. Run npx expo install --check for details.
Logs for your project will appear below.
Web Bundled 2446ms index.ts (1594 modules)
Web  INFO  %cDownload the React DevTools for a better development experience: https://react.dev/link/react-devtools font-weight:bold
Web  WARN  [Reanimated] Reduced motion setting is enabled on this device. This warning is visible only in the development mode. Some animations will be disabled by default. You can override the behavior for individual animations, see https://docs.swmansion.com/react-native-reanimated/docs/guides/troubleshooting#reduced-motion-setting-is-enabled-on-this-device.
Web  WARN  "shadow*" style props are deprecated. Use "boxShadow".
Web  WARN  [expo-notifications] Listening to push token changes is not yet fully supported on web. Adding a listener will have no effect.
Web  WARN  "textShadow*" style props are deprecated. Use "textShadow".
Web  LOG  Running application "main" with appParams:
 {"hydrate": undefined, "rootTag": "#root"} 
Development-level warnings: ON.
Performance optimizations: OFF.
Web  WARN  props.pointerEvents is deprecated. Use style.pointerEvents
Web Bundled 98ms index.ts (1 module)
Web  INFO  %cDownload the React DevTools for a better development experience: https://react.dev/link/react-devtools font-weight:bold
Web  WARN  [Reanimated] Reduced motion setting is enabled on this device. This warning is visible only in the development mode. Some animations will be disabled by default. You can override the behavior for individual animations, see https://docs.swmansion.com/react-native-reanimated/docs/guides/troubleshooting#reduced-motion-setting-is-enabled-on-this-device.
Web  WARN  "shadow*" style props are deprecated. Use "boxShadow".
Web  WARN  [expo-notifications] Listening to push token changes is not yet fully supported on web. Adding a listener will have no effect.
Web  WARN  "textShadow*" style props are deprecated. Use "textShadow".
Web  LOG  Running application "main" with appParams:
 {"hydrate": undefined, "rootTag": "#root"} 
Development-level warnings: ON.
Performance optimizations: OFF.
Web  WARN  props.pointerEvents is deprecated. Use style.pointerEvents
Web  LOG  [notifications] Permission denied
Web  ERROR  [2026-06-05T21:47:12.826Z]  @firebase/firestore: Firestore (12.14.0): Uncaught Error in snapshot listener: FirebaseError: [code=permission-denied]: Missing or insufficient permissions.
Web  ERROR  [2026-06-05T21:47:12.934Z]  @firebase/firestore: Firestore (12.14.0): Uncaught Error in snapshot listener: FirebaseError: [code=permission-denied]: Missing or insufficient permissions.
Web  ERROR  [2026-06-05T21:47:13.033Z]  @firebase/firestore: Firestore (12.14.0): Uncaught Error in snapshot listener: FirebaseError: [code=permission-denied]: Missing or insufficient permissions.
Web  WARN  Animated: `useNativeDriver` is not supported because the native animated module is missing. Falling back to JS-based animation. To resolve this, add `RCTAnimation` module to this app, or remove `useNativeDriver`. Make sure to run `bundle exec pod install` first. Read more about autolinking: https://github.com/react-native-community/cli/blob/master/docs/autolinking.md
Web Bundled 106ms index.ts (1 module)
Web  INFO  %cDownload the React DevTools for a better development experience: https://react.dev/link/react-devtools font-weight:bold
Web  WARN  [Reanimated] Reduced motion setting is enabled on this device. This warning is visible only in the development mode. Some animations will be disabled by default. You can override the behavior for individual animations, see https://docs.swmansion.com/react-native-reanimated/docs/guides/troubleshooting#reduced-motion-setting-is-enabled-on-this-device.
Web  WARN  "shadow*" style props are deprecated. Use "boxShadow".
Web  WARN  [expo-notifications] Listening to push token changes is not yet fully supported on web. Adding a listener will have no effect.
Web  WARN  "textShadow*" style props are deprecated. Use "textShadow".
Web  LOG  Running application "main" with appParams:
 {"hydrate": undefined, "rootTag": "#root"} 
Development-level warnings: ON.
Performance optimizations: OFF.
Web  WARN  props.pointerEvents is deprecated. Use style.pointerEvents
Web  LOG  [notifications] Permission denied
Web  ERROR  [2026-06-05T21:47:55.421Z]  @firebase/firestore: Firestore (12.14.0): Uncaught Error in snapshot listener: FirebaseError: [code=permission-denied]: Missing or insufficient permissions.
Web  ERROR  [2026-06-05T21:47:55.538Z]  @firebase/firestore: Firestore (12.14.0): Uncaught Error in snapshot listener: FirebaseError: [code=permission-denied]: Missing or insufficient permissions.
Web  ERROR  [2026-06-05T21:47:55.691Z]  @firebase/firestore: Firestore (12.14.0): Uncaught Error in snapshot listener: FirebaseError: [code=permission-denied]: Missing or insufficient permissions.
Web  WARN  Animated: `useNativeDriver` is not supported because the native animated module is missing. Falling back to JS-based animation. To resolve this, add `RCTAnimation` module to this app, or remove `useNativeDriver`. Make sure to run `bundle exec pod install` first. Read more about autolinking: https://github.com/react-native-community/cli/blob/master/docs/autolinking.md
Web  ERROR  Unexpected text node: . A text node cannot be a child of a <View>.
Web  WARN  could not find scrollable ref!
Web  WARN  could not find scrollable ref!
Web  WARN  could not find scrollable ref!
Web  WARN  could not find scrollable ref!
Web  ERROR  Unexpected text node: . A text node cannot be a child of a <View>.
Web  ERROR  Unexpected text node: . A text node cannot be a child of a <View>.
Web  ERROR  The action 'NAVIGATE' with payload {"name":"CareerCard","params":{"userId":"Lr0JssfuopOCHZQyfwT8IcZ9Zas2"}} was not handled by any navigator.

Do you have a screen named 'CareerCard'?

If you're trying to navigate to a screen in a nested navigator, see https://reactnavigation.org/docs/nesting-navigators#navigating-to-a-screen-in-a-nested-navigator.

If you're using conditional rendering, navigation will happen automatically and you shouldn't navigate manually, see.

This is a development-only warning and won't be shown in production.
